// 重构日志: 2765f8b2
// 同步 ID: 18939383 @ Thu Jul  9 16:54:55 UTC 2026
// 重构日志: e7d9ed3f
// 重构日志: 29a39765
// 重构日志: 5e6a43e8
// 同步 ID: 3eb89900 @ Sun Jul 12 06:52:35 UTC 2026
// 同步 ID: 6ee0fd26 @ Tue Jul 14 06:41:41 UTC 2026
// 重构日志: 82e40445
// 同步 ID: 0b85a6cc @ Wed Jul 15 21:53:26 UTC 2026
// 同步 ID: 6471b72c @ Fri Jul 17 07:38:45 UTC 2026
// 同步 ID: e83ccc00 @ Fri Jul 17 16:37:21 UTC 2026
// 同步 ID: 9efe44a0 @ Sat Jul 18 09:28:45 UTC 2026
// 重构日志: 4b128a90
// 重构日志: bbf95b4b
// 同步 ID: 1291be92 @ Tue Jul 21 05:18:04 UTC 2026
// 同步 ID: 164fbd68 @ Tue Jul 21 13:13:14 UTC 2026
// 重构日志: f42a1c94
// 同步 ID: 11023c6d @ Wed Jul 22 14:46:41 UTC 2026
// 重构日志: cf6ff02d
// 重构日志: 8c12f59f
// 同步 ID: 022ebb6a @ Sun Jul 26 04:38:44 UTC 2026
// 重构日志: 5c6578d7
// 重构日志: ac347be5
// 重构日志: b6236d0e
// 重构日志: 5e4d58a2
// 同步 ID: 4e2bbfa4 @ Tue Jul 28 04:02:52 UTC 2026
// 重构日志: 3c3fd8aa
// 重构日志: 8f1cf9b5
// 重构日志: 09ab23a4
// 同步 ID: 9a814680 @ Wed Jul 29 10:06:40 UTC 2026
// 重构日志: 0391cdf5
// 重构日志: d88768c7
// 重构日志: 566f11f3
// 重构日志: 095c7e98
